<html>
<body>
<pre>
<h1>µVision Build Log</h1>
<h2>Tool Versions:</h2>
IDE-Version: µVision V5.38.0.0
Copyright (C) 2022 ARM Ltd and ARM Germany GmbH. All rights reserved.
License Information: Hagar Bakr, HP Inc., LIC=----
 
Tool Versions:
Toolchain:       MDK-Lite  Version: 5.38.0.0
Toolchain Path:  C:\Keil_v5\ARM\ARMCLANG\Bin
C Compiler:      ArmClang.exe V6.19
Assembler:       Armasm.exe V6.19
Linker/Locator:  ArmLink.exe V6.19
Library Manager: ArmAr.exe V6.19
Hex Converter:   FromElf.exe V6.19
CPU DLL:         SARMCM3.DLL V5.38.0.0
Dialog DLL:      DCM.DLL V1.17.5.0
Target DLL:      STLink\ST-LINKIII-KEIL_SWO.dll V3.1.0.0
Dialog DLL:      TCM.DLL V1.56.4.0
 
<h2>Project:</h2>
C:\Users\Hagar-PC\Documents\College\Semseter 7\Processor Systems CMPS201\Micro_Project1\Project.uvprojx
Project File Date:  12/24/2023

<h2>Output:</h2>
*** Using Compiler 'V6.19', folder: 'C:\Keil_v5\ARM\ARMCLANG\Bin'
Build target 'Target 1'
"Main.s", line 848: Warning: A1488W: PROC/FUNC at line 92 in 'Main.s' without matching ENDP/ENDFUNC
  848 00000578 DRAW_SNAKE  FUNCTION
"DEFINITIONS.s", line 56: Warning: A1581W: Added 1 bytes of padding at address 0x1
    included by GET/INCLUDE directive from "GPIO.s", line 14
    included by GET/INCLUDE directive from "Main.s", line 2
   56 00000002 SNAKE_X DCW     140, 140, 500, 500, 500, 500, 500
"Main.s", line 20: Warning: A1581W: Added 2 bytes of padding at address 0x116
   20 00000118  AREA MYCODE, CODE, READONLY
"Main.s", line 690: Warning: A1581W: Added 2 bytes of padding at address 0x4ae
  690 000004b0  LTORG
"Main.s", line 846: Warning: A1581W: Added 2 bytes of padding at address 0x56a
  846 0000056c  LTORG
"Main.s", line 1350: Warning: A1581W: Added 2 bytes of padding at address 0xa02
 1350 00000a04  LTORG
"Main.s", line 1406: Warning: A1581W: Added 2 bytes of padding at address 0xa96
 1406 00000a98  LTORG
"Main.s", line 1438: Warning: A1581W: Added 2 bytes of padding at address 0xae2
 1438 00000ae4  LTORG
"Main.s", line 2174: Warning: A1581W: Added 2 bytes of padding at address 0x112e
 2174 00001130  LTORG
"Main.s", line 3012: Warning: A1581W: Added 2 bytes of padding at address 0x1762
 3012 00001764  LTORG
"Main.s", line 3246: Warning: A1581W: Added 2 bytes of padding at address 0x196a
 3246 0000196c  LTORG
"Main.s", line 4411: Warning: A1581W: Added 2 bytes of padding at address 0x271a
 4411 0000271c  LTORG
"Main.s", line 4597: Warning: A1581W: Added 2 bytes of padding at address 0x292e
 4597 00002930  LTORG
0 Errors, 13 Warnings
assembling Main.s...
linking...
Program Size: Code=11700 RO-data=16816 RW-data=88 ZI-data=1536  
".\Objects\Project.axf" - 0 Error(s), 0 Warning(s).

<h2>Software Packages used:</h2>

Package Vendor: ARM
                http://www.keil.com/pack/ARM.CMSIS.5.9.0.pack
                ARM.CMSIS.5.9.0
                CMSIS (Common Microcontroller Software Interface Standard)
   * Component: CORE Version: 5.6.0

Package Vendor: Keil
                https://www.keil.com/pack/Keil.STM32F1xx_DFP.2.4.1.pack
                Keil.STM32F1xx_DFP.2.4.1
                STMicroelectronics STM32F1 Series Device Support, Drivers and Examples
   * Component: Startup Version: 1.0.0

<h2>Collection of Component include folders:</h2>
  ./RTE/Device/STM32F103C6
  ./RTE/_Target_1
  C:/Users/Hagar-PC/AppData/Local/Arm/Packs/ARM/CMSIS/5.9.0/CMSIS/Core/Include
  C:/Users/Hagar-PC/AppData/Local/Arm/Packs/Keil/STM32F1xx_DFP/2.4.1/Device/Include

<h2>Collection of Component Files used:</h2>

   * Component: ARM::CMSIS:CORE:5.6.0

   * Component: Keil::Device:Startup:1.0.0
      Source file:   Device/Source/ARM/startup_stm32f10x_ld.s
      Source file:   Device/Source/system_stm32f10x.c
      Include file:  RTE_Driver/Config/RTE_Device.h
      Source file:   Device/Source/ARM/STM32F1xx_OPT.s
Build Time Elapsed:  00:00:01
</pre>
</body>
</html>
