Component: Arm Compiler for Embedded 6.19 Tool: armlink [5e73cb00]

==============================================================================

Section Cross References

    main.o(MYDATA) refers (Special) to data.o(DATASECTION) for TURTLE
    main.o(GPIOCODE) refers (Special) to data.o(DATASECTION) for TURTLE
    main.o(MYCODE) refers (Special) to data.o(DATASECTION) for TURTLE
    main.o(MYCODE) refers to main.o(GPIOCODE) for CONFIGURE_OUTPUT_INPUT_PINS
    main.o(MYCODE) refers to main.o(MYDATA) for SNAKE_X
    startup_stm32f10x_ld.o(STACK) refers (Special) to heapauxi.o(.text) for __use_two_region_memory
    startup_stm32f10x_ld.o(HEAP) refers (Special) to heapauxi.o(.text) for __use_two_region_memory
    startup_stm32f10x_ld.o(RESET) refers (Special) to heapauxi.o(.text) for __use_two_region_memory
    startup_stm32f10x_ld.o(RESET) refers to startup_stm32f10x_ld.o(STACK) for __initial_sp
    startup_stm32f10x_ld.o(RESET) refers to startup_stm32f10x_ld.o(.text) for Reset_Handler
    startup_stm32f10x_ld.o(.text) refers (Special) to heapauxi.o(.text) for __use_two_region_memory
    startup_stm32f10x_ld.o(.text) refers to system_stm32f10x.o(.text.SystemInit) for SystemInit
    startup_stm32f10x_ld.o(.text) refers to main.o(MYCODE) for __main
    startup_stm32f10x_ld.o(.text) refers to startup_stm32f10x_ld.o(HEAP) for Heap_Mem
    startup_stm32f10x_ld.o(.text) refers to startup_stm32f10x_ld.o(STACK) for Stack_Mem
    system_stm32f10x.o(.text.SystemInit) refers to system_stm32f10x.o(.text.SetSysClock) for SetSysClock
    system_stm32f10x.o(.ARM.exidx.text.SystemInit) refers to system_stm32f10x.o(.text.SystemInit) for [Anonymous Symbol]
    system_stm32f10x.o(.text.SetSysClock) refers to system_stm32f10x.o(.text.SetSysClockTo72) for SetSysClockTo72
    system_stm32f10x.o(.ARM.exidx.text.SetSysClock) refers to system_stm32f10x.o(.text.SetSysClock) for [Anonymous Symbol]
    system_stm32f10x.o(.text.SystemCoreClockUpdate) refers to system_stm32f10x.o(.data.SystemCoreClock) for SystemCoreClock
    system_stm32f10x.o(.text.SystemCoreClockUpdate) refers to system_stm32f10x.o(.rodata.AHBPrescTable) for AHBPrescTable
    system_stm32f10x.o(.ARM.exidx.text.SystemCoreClockUpdate) refers to system_stm32f10x.o(.text.SystemCoreClockUpdate) for [Anonymous Symbol]
    system_stm32f10x.o(.ARM.exidx.text.SetSysClockTo72) refers to system_stm32f10x.o(.text.SetSysClockTo72) for [Anonymous Symbol]


==============================================================================

Removing Unused input sections from the image.

    Removing definitions.o(MYDATA), (87 bytes).
    Removing gpio.o(MYDATA), (0 bytes).
    Removing gpio.o(GPIOCODE), (308 bytes).
    Removing system_stm32f10x.o(.text), (0 bytes).
    Removing system_stm32f10x.o(.ARM.exidx.text.SystemInit), (8 bytes).
    Removing system_stm32f10x.o(.ARM.exidx.text.SetSysClock), (8 bytes).
    Removing system_stm32f10x.o(.text.SystemCoreClockUpdate), (290 bytes).
    Removing system_stm32f10x.o(.ARM.exidx.text.SystemCoreClockUpdate), (8 bytes).
    Removing system_stm32f10x.o(.ARM.exidx.text.SetSysClockTo72), (8 bytes).
    Removing system_stm32f10x.o(.data.SystemCoreClock), (4 bytes).
    Removing system_stm32f10x.o(.rodata.AHBPrescTable), (16 bytes).

11 unused section(s) (total 737 bytes) removed from the image.

==============================================================================

Image Symbol Table

    Local Symbols

    Symbol Name                              Value     Ov Type        Size  Object(Section)

    ../clib/heapaux.c                        0x00000000   Number         0  heapauxi.o ABSOLUTE
    DATA.s                                   0x00000000   Number         0  data.o ABSOLUTE
    DEFINITIONS.s                            0x00000000   Number         0  definitions.o ABSOLUTE
    GPIO.s                                   0x00000000   Number         0  gpio.o ABSOLUTE
    Main.s                                   0x00000000   Number         0  main.o ABSOLUTE
    RTE/Device/STM32F103C6/startup_stm32f10x_ld.s 0x00000000   Number         0  startup_stm32f10x_ld.o ABSOLUTE
    dc.s                                     0x00000000   Number         0  dc.o ABSOLUTE
    system_stm32f10x.c                       0x00000000   Number         0  system_stm32f10x.o ABSOLUTE
    RESET                                    0x08000000   Section      236  startup_stm32f10x_ld.o(RESET)
    .text                                    0x080000ec   Section       64  startup_stm32f10x_ld.o(.text)
    .text                                    0x0800012c   Section        0  heapauxi.o(.text)
    SetSysClock                              0x08000135   Thumb Code     8  system_stm32f10x.o(.text.SetSysClock)
    [Anonymous Symbol]                       0x08000134   Section        0  system_stm32f10x.o(.text.SetSysClock)
    SetSysClockTo72                          0x0800013d   Thumb Code   290  system_stm32f10x.o(.text.SetSysClockTo72)
    [Anonymous Symbol]                       0x0800013c   Section        0  system_stm32f10x.o(.text.SetSysClockTo72)
    [Anonymous Symbol]                       0x08000260   Section        0  system_stm32f10x.o(.text.SystemInit)
    CONFIGURE_OUTPUT_INPUT_PINS              0x080002c9   Thumb Code   142  main.o(GPIOCODE)
    GPIOCODE                                 0x080002c8   Section      308  main.o(GPIOCODE)
    CHECK_SW0_PRESSED                        0x08000357   Thumb Code    16  main.o(GPIOCODE)
    CHECK_SW1_PRESSED                        0x08000367   Thumb Code    16  main.o(GPIOCODE)
    CHECK_SW2_PRESSED                        0x08000377   Thumb Code    16  main.o(GPIOCODE)
    CHECK_SW3_PRESSED                        0x08000387   Thumb Code    16  main.o(GPIOCODE)
    CHECK_SW4_PRESSED                        0x08000397   Thumb Code    16  main.o(GPIOCODE)
    CHECK_SW5_PRESSED                        0x080003a7   Thumb Code    16  main.o(GPIOCODE)
    MYCODE                                   0x080003fc   Section    10916  main.o(MYCODE)
    START_SNAKE                              0x0800041b   Thumb Code    62  main.o(MYCODE)
    START_SUPER_MARIO                        0x08000459   Thumb Code  1308  main.o(MYCODE)
    DRAW_SNAKE                               0x08000975   Thumb Code    62  main.o(MYCODE)
    DRAW_GOOD_APPLE1                         0x080009b3   Thumb Code    44  main.o(MYCODE)
    DRAW_GOOD_APPLE2                         0x080009df   Thumb Code    44  main.o(MYCODE)
    DRAW_GOOD_APPLE3                         0x08000a0b   Thumb Code    44  main.o(MYCODE)
    DRAW_GOOD_APPLE4                         0x08000a37   Thumb Code    44  main.o(MYCODE)
    DRAW_GOOD_APPLE5                         0x08000a63   Thumb Code    44  main.o(MYCODE)
    DRAW_POISONED_APPLE                      0x08000a8f   Thumb Code    52  main.o(MYCODE)
    DRAW_BG_SNAKE                            0x08000ac3   Thumb Code    36  main.o(MYCODE)
    DRAW_SNAKE_GAME                          0x08000ae7   Thumb Code    70  main.o(MYCODE)
    INITIALZE_SNAKE_COORDINATES              0x08000b6d   Thumb Code    96  main.o(MYCODE)
    CHANGE_TO_RIGHT_DIRECTION                0x08000bcd   Thumb Code    16  main.o(MYCODE)
    CHANGE_TO_LEFT_DIRECTION                 0x08000bdd   Thumb Code    16  main.o(MYCODE)
    CHANGE_TO_UP_DIRECTION                   0x08000bed   Thumb Code    16  main.o(MYCODE)
    CHANGE_TO_DOWN_DIRECTION                 0x08000bfd   Thumb Code    16  main.o(MYCODE)
    MOVE_SNAKE                               0x08000c0d   Thumb Code   100  main.o(MYCODE)
    MOVE_SNAKE_LEFT                          0x08000c71   Thumb Code   128  main.o(MYCODE)
    MOVE_SNAKE_RIGHT                         0x08000cf1   Thumb Code   134  main.o(MYCODE)
    MOVE_SNAKE_UP                            0x08000d7b   Thumb Code   132  main.o(MYCODE)
    MOVE_SNAKE_DOWN                          0x08000e11   Thumb Code   130  main.o(MYCODE)
    SNAKE_GAME_CONDITION                     0x08000ea5   Thumb Code    58  main.o(MYCODE)
    SNAKE_EAT                                0x08000eed   Thumb Code    44  main.o(MYCODE)
    EATUP                                    0x08000f19   Thumb Code   262  main.o(MYCODE)
    GROW_UP                                  0x08001035   Thumb Code    94  main.o(MYCODE)
    EATDOWN                                  0x08001097   Thumb Code   260  main.o(MYCODE)
    GROW_DOWN                                0x080011f5   Thumb Code    96  main.o(MYCODE)
    EATLEFT                                  0x08001255   Thumb Code   262  main.o(MYCODE)
    GROW_LEFT                                0x080013b1   Thumb Code    96  main.o(MYCODE)
    GROW_RIGHT                               0x08001565   Thumb Code    96  main.o(MYCODE)
    WINSNAKE                                 0x080015c5   Thumb Code     8  main.o(MYCODE)
    SNAKE_GAME_OVER                          0x080015cd   Thumb Code    16  main.o(MYCODE)
    READ_MARIO_INPUT                         0x080016c9   Thumb Code    90  main.o(MYCODE)
    DRAW_IMAGE_MARIO                         0x08001723   Thumb Code   110  main.o(MYCODE)
    MOVE_MARIO_RIGHT                         0x080017c5   Thumb Code   364  main.o(MYCODE)
    MOVE_MARIO_LEFT                          0x08001999   Thumb Code   312  main.o(MYCODE)
    GRAVITY                                  0x08001b79   Thumb Code   144  main.o(MYCODE)
    MOVE_MARIO_UP                            0x08001c09   Thumb Code   102  main.o(MYCODE)
    DELETE_MARIO                             0x08001c6f   Thumb Code    64  main.o(MYCODE)
    DRAW_MARIO_SCORE                         0x08001caf   Thumb Code    80  main.o(MYCODE)
    DRAW_NUMBER_ZERO                         0x08001cff   Thumb Code   104  main.o(MYCODE)
    DRAW_MARIO_HEART_1                       0x08002375   Thumb Code   128  main.o(MYCODE)
    DELETE_LVL2_F2                           0x08002435   Thumb Code    56  main.o(MYCODE)
    DRAW_MARIO_HEART_2                       0x0800246d   Thumb Code   128  main.o(MYCODE)
    DRAW_MARIO_HEART_3                       0x080024ed   Thumb Code   128  main.o(MYCODE)
    DRAW_IMAGE_MARIO_LVL2                    0x08002aa9   Thumb Code   110  main.o(MYCODE)
    INITIALIZE_VARIABLES                     0x08002d79   Thumb Code   148  main.o(MYCODE)
    DATASECTION                              0x08002ea0   Section    16580  data.o(DATASECTION)
    EATENAPPLES                              0x20000000   Data           1  main.o(MYDATA)
    MYDATA                                   0x20000000   Section       87  main.o(MYDATA)
    SNAKE_X                                  0x20000002   Data          14  main.o(MYDATA)
    SNAKE_Y                                  0x20000010   Data          14  main.o(MYDATA)
    DIRECTION                                0x2000001e   Data           1  main.o(MYDATA)
    LENGTH                                   0x2000001f   Data           1  main.o(MYDATA)
    BAD_APPLE_X                              0x20000024   Data           2  main.o(MYDATA)
    BAD_APPLE_Y                              0x20000026   Data           2  main.o(MYDATA)
    GOOD_APPLE1_X                            0x20000028   Data           2  main.o(MYDATA)
    GOOD_APPLE1_Y                            0x2000002a   Data           2  main.o(MYDATA)
    GOOD_APPLE2_X                            0x2000002c   Data           2  main.o(MYDATA)
    GOOD_APPLE2_Y                            0x2000002e   Data           2  main.o(MYDATA)
    GOOD_APPLE3_X                            0x20000030   Data           2  main.o(MYDATA)
    GOOD_APPLE3_Y                            0x20000032   Data           2  main.o(MYDATA)
    GOOD_APPLE4_X                            0x20000034   Data           2  main.o(MYDATA)
    GOOD_APPLE4_Y                            0x20000036   Data           2  main.o(MYDATA)
    GOOD_APPLE5_X                            0x20000038   Data           2  main.o(MYDATA)
    GOOD_APPLE5_Y                            0x2000003a   Data           2  main.o(MYDATA)
    MARIO_X1                                 0x2000003c   Data           2  main.o(MYDATA)
    MARIO_X2                                 0x2000003e   Data           2  main.o(MYDATA)
    MARIO_Y1                                 0x20000040   Data           2  main.o(MYDATA)
    MARIO_Y2                                 0x20000042   Data           2  main.o(MYDATA)
    ENEMY_X1                                 0x20000044   Data           2  main.o(MYDATA)
    ENEMY_X2                                 0x20000046   Data           2  main.o(MYDATA)
    ENEMY_Y1                                 0x20000048   Data           2  main.o(MYDATA)
    ENEMY_Y2                                 0x2000004a   Data           2  main.o(MYDATA)
    TURTLE_X1                                0x2000004c   Data           2  main.o(MYDATA)
    TURTLE_X2                                0x2000004e   Data           2  main.o(MYDATA)
    TURTLE_Y1                                0x20000050   Data           2  main.o(MYDATA)
    TURTLE_Y2                                0x20000052   Data           2  main.o(MYDATA)
    ENEMY_DIRECTION                          0x20000054   Data           2  main.o(MYDATA)
    LEVEL                                    0x20000056   Data           1  main.o(MYDATA)
    Heap_Mem                                 0x20000058   Data         512  startup_stm32f10x_ld.o(HEAP)
    HEAP                                     0x20000058   Section      512  startup_stm32f10x_ld.o(HEAP)
    Stack_Mem                                0x20000258   Data        1024  startup_stm32f10x_ld.o(STACK)
    STACK                                    0x20000258   Section     1024  startup_stm32f10x_ld.o(STACK)
    __initial_sp                             0x20000658   Data           0  startup_stm32f10x_ld.o(STACK)

    Global Symbols

    Symbol Name                              Value     Ov Type        Size  Object(Section)

    BuildAttributes$$THM_ISAv4$P$D$K$B$S$PE$A:L22UL41UL21$X:L11$S22US41US21$IEEE1$IW$~IW$USESV6$~STKCKD$USESV7$~SHL$OSPACE$ROPI$EBA8$STANDARDLIB$REQ8$EABIv2 0x00000000   Number         0  anon$$obj.o ABSOLUTE
    __Vectors_Size                           0x000000ec   Number         0  startup_stm32f10x_ld.o ABSOLUTE
    __Vectors                                0x08000000   Data           4  startup_stm32f10x_ld.o(RESET)
    Reset_Handler                            0x080000ed   Thumb Code     8  startup_stm32f10x_ld.o(.text)
    __Vectors_End                            0x080000ec   Data           0  startup_stm32f10x_ld.o(RESET)
    NMI_Handler                              0x080000f5   Thumb Code     2  startup_stm32f10x_ld.o(.text)
    HardFault_Handler                        0x080000f7   Thumb Code     2  startup_stm32f10x_ld.o(.text)
    MemManage_Handler                        0x080000f9   Thumb Code     2  startup_stm32f10x_ld.o(.text)
    BusFault_Handler                         0x080000fb   Thumb Code     2  startup_stm32f10x_ld.o(.text)
    UsageFault_Handler                       0x080000fd   Thumb Code     2  startup_stm32f10x_ld.o(.text)
    SVC_Handler                              0x080000ff   Thumb Code     2  startup_stm32f10x_ld.o(.text)
    DebugMon_Handler                         0x08000101   Thumb Code     2  startup_stm32f10x_ld.o(.text)
    PendSV_Handler                           0x08000103   Thumb Code     2  startup_stm32f10x_ld.o(.text)
    SysTick_Handler                          0x08000105   Thumb Code     2  startup_stm32f10x_ld.o(.text)
    ADC1_2_IRQHandler                        0x08000107   Thumb Code     0  startup_stm32f10x_ld.o(.text)
    CAN1_RX1_IRQHandler                      0x08000107   Thumb Code     0  startup_stm32f10x_ld.o(.text)
    CAN1_SCE_IRQHandler                      0x08000107   Thumb Code     0  startup_stm32f10x_ld.o(.text)
    DMA1_Channel1_IRQHandler                 0x08000107   Thumb Code     0  startup_stm32f10x_ld.o(.text)
    DMA1_Channel2_IRQHandler                 0x08000107   Thumb Code     0  startup_stm32f10x_ld.o(.text)
    DMA1_Channel3_IRQHandler                 0x08000107   Thumb Code     0  startup_stm32f10x_ld.o(.text)
    DMA1_Channel4_IRQHandler                 0x08000107   Thumb Code     0  startup_stm32f10x_ld.o(.text)
    DMA1_Channel5_IRQHandler                 0x08000107   Thumb Code     0  startup_stm32f10x_ld.o(.text)
    DMA1_Channel6_IRQHandler                 0x08000107   Thumb Code     0  startup_stm32f10x_ld.o(.text)
    DMA1_Channel7_IRQHandler                 0x08000107   Thumb Code     0  startup_stm32f10x_ld.o(.text)
    EXTI0_IRQHandler                         0x08000107   Thumb Code     0  startup_stm32f10x_ld.o(.text)
    EXTI15_10_IRQHandler                     0x08000107   Thumb Code     0  startup_stm32f10x_ld.o(.text)
    EXTI1_IRQHandler                         0x08000107   Thumb Code     0  startup_stm32f10x_ld.o(.text)
    EXTI2_IRQHandler                         0x08000107   Thumb Code     0  startup_stm32f10x_ld.o(.text)
    EXTI3_IRQHandler                         0x08000107   Thumb Code     0  startup_stm32f10x_ld.o(.text)
    EXTI4_IRQHandler                         0x08000107   Thumb Code     0  startup_stm32f10x_ld.o(.text)
    EXTI9_5_IRQHandler                       0x08000107   Thumb Code     0  startup_stm32f10x_ld.o(.text)
    FLASH_IRQHandler                         0x08000107   Thumb Code     0  startup_stm32f10x_ld.o(.text)
    I2C1_ER_IRQHandler                       0x08000107   Thumb Code     0  startup_stm32f10x_ld.o(.text)
    I2C1_EV_IRQHandler                       0x08000107   Thumb Code     0  startup_stm32f10x_ld.o(.text)
    PVD_IRQHandler                           0x08000107   Thumb Code     0  startup_stm32f10x_ld.o(.text)
    RCC_IRQHandler                           0x08000107   Thumb Code     0  startup_stm32f10x_ld.o(.text)
    RTCAlarm_IRQHandler                      0x08000107   Thumb Code     0  startup_stm32f10x_ld.o(.text)
    RTC_IRQHandler                           0x08000107   Thumb Code     0  startup_stm32f10x_ld.o(.text)
    SPI1_IRQHandler                          0x08000107   Thumb Code     0  startup_stm32f10x_ld.o(.text)
    TAMPER_IRQHandler                        0x08000107   Thumb Code     0  startup_stm32f10x_ld.o(.text)
    TIM1_BRK_IRQHandler                      0x08000107   Thumb Code     0  startup_stm32f10x_ld.o(.text)
    TIM1_CC_IRQHandler                       0x08000107   Thumb Code     0  startup_stm32f10x_ld.o(.text)
    TIM1_TRG_COM_IRQHandler                  0x08000107   Thumb Code     0  startup_stm32f10x_ld.o(.text)
    TIM1_UP_IRQHandler                       0x08000107   Thumb Code     0  startup_stm32f10x_ld.o(.text)
    TIM2_IRQHandler                          0x08000107   Thumb Code     0  startup_stm32f10x_ld.o(.text)
    TIM3_IRQHandler                          0x08000107   Thumb Code     0  startup_stm32f10x_ld.o(.text)
    USART1_IRQHandler                        0x08000107   Thumb Code     0  startup_stm32f10x_ld.o(.text)
    USART2_IRQHandler                        0x08000107   Thumb Code     0  startup_stm32f10x_ld.o(.text)
    USBWakeUp_IRQHandler                     0x08000107   Thumb Code     0  startup_stm32f10x_ld.o(.text)
    USB_HP_CAN1_TX_IRQHandler                0x08000107   Thumb Code     0  startup_stm32f10x_ld.o(.text)
    USB_LP_CAN1_RX0_IRQHandler               0x08000107   Thumb Code     0  startup_stm32f10x_ld.o(.text)
    WWDG_IRQHandler                          0x08000107   Thumb Code     0  startup_stm32f10x_ld.o(.text)
    __user_initial_stackheap                 0x08000109   Thumb Code     0  startup_stm32f10x_ld.o(.text)
    __use_two_region_memory                  0x0800012d   Thumb Code     2  heapauxi.o(.text)
    __rt_heap_escrow$2region                 0x0800012f   Thumb Code     2  heapauxi.o(.text)
    __rt_heap_expand$2region                 0x08000131   Thumb Code     2  heapauxi.o(.text)
    SystemInit                               0x08000261   Thumb Code   102  system_stm32f10x.o(.text.SystemInit)
    __main                                   0x080003fd   Thumb Code    30  main.o(MYCODE)
    MARIO                                    0x08002ea0   Data          80  data.o(DATASECTION)
    COIN                                     0x08003f30   Data          40  data.o(DATASECTION)
    ENEMY                                    0x08004278   Data         100  data.o(DATASECTION)
    TURTLE                                   0x08005600   Data         100  data.o(DATASECTION)



==============================================================================

Memory Map of the image

  Image Entry point : 0x080000ed

  Load Region LR_1 (Base: 0x08000000, Size: 0x00006fbc, Max: 0xffffffff, ABSOLUTE)

    Execution Region ER_RO (Exec base: 0x08000000, Load base: 0x08000000, Size: 0x00006f64, Max: 0xffffffff, ABSOLUTE)

    Exec Addr    Load Addr    Size         Type   Attr      Idx    E Section Name        Object

    0x08000000   0x08000000   0x000000ec   Data   RO           21    RESET               startup_stm32f10x_ld.o
    0x080000ec   0x080000ec   0x00000040   Code   RO           22  * .text               startup_stm32f10x_ld.o
    0x0800012c   0x0800012c   0x00000006   Code   RO           45    .text               c_w.l(heapauxi.o)
    0x08000132   0x08000132   0x00000002   PAD
    0x08000134   0x08000134   0x00000008   Code   RO           29    .text.SetSysClock   system_stm32f10x.o
    0x0800013c   0x0800013c   0x00000122   Code   RO           33    .text.SetSysClockTo72  system_stm32f10x.o
    0x0800025e   0x0800025e   0x00000002   PAD
    0x08000260   0x08000260   0x00000066   Code   RO           27    .text.SystemInit    system_stm32f10x.o
    0x080002c6   0x080002c6   0x00000002   PAD
    0x080002c8   0x080002c8   0x00000134   Code   RO            2    GPIOCODE            main.o
    0x080003fc   0x080003fc   0x00002aa4   Code   RO            3  * MYCODE              main.o
    0x08002ea0   0x08002ea0   0x000040c4   Data   RO           13    DATASECTION         data.o


    Execution Region ER_RW (Exec base: 0x20000000, Load base: 0x08006f64, Size: 0x00000058, Max: 0xffffffff, ABSOLUTE)

    Exec Addr    Load Addr    Size         Type   Attr      Idx    E Section Name        Object

    0x20000000   0x08006f64   0x00000057   Data   RW            1    MYDATA              main.o


    Execution Region ER_ZI (Exec base: 0x20000058, Load base: 0x08006fbc, Size: 0x00000600, Max: 0xffffffff, ABSOLUTE)

    Exec Addr    Load Addr    Size         Type   Attr      Idx    E Section Name        Object

    0x20000058        -       0x00000200   Zero   RW           20    HEAP                startup_stm32f10x_ld.o
    0x20000258        -       0x00000400   Zero   RW           19    STACK               startup_stm32f10x_ld.o


==============================================================================

Image component sizes


      Code (inc. data)   RO Data    RW Data    ZI Data      Debug   Object Name

         0          0      16580          0          0          0   data.o
     11224        586          0         87          0       7032   main.o
        64         26        236          0       1536        848   startup_stm32f10x_ld.o
       400          0          0          0          0       2913   system_stm32f10x.o

    ----------------------------------------------------------------------
     11692        612      16816         88       1536      10793   Object Totals
         0          0          0          0          0          0   (incl. Generated)
         4          0          0          1          0          0   (incl. Padding)

    ----------------------------------------------------------------------

      Code (inc. data)   RO Data    RW Data    ZI Data      Debug   Library Member Name

         6          0          0          0          0        152   heapauxi.o

    ----------------------------------------------------------------------
         8          0          0          0          0        152   Library Totals
         2          0          0          0          0          0   (incl. Padding)

    ----------------------------------------------------------------------

      Code (inc. data)   RO Data    RW Data    ZI Data      Debug   Library Name

         6          0          0          0          0        152   c_w.l

    ----------------------------------------------------------------------
         8          0          0          0          0        152   Library Totals

    ----------------------------------------------------------------------

==============================================================================


      Code (inc. data)   RO Data    RW Data    ZI Data      Debug   

     11700        612      16816         88       1536      10841   Grand Totals
     11700        612      16816         88       1536      10841   ELF Image Totals
     11700        612      16816         88          0          0   ROM Totals

==============================================================================

    Total RO  Size (Code + RO Data)                28516 (  27.85kB)
    Total RW  Size (RW Data + ZI Data)              1624 (   1.59kB)
    Total ROM Size (Code + RO Data + RW Data)      28604 (  27.93kB)

==============================================================================

